// Jest Snapshot v1, https://goo.gl/fbAQLP

exports[`renders correctly 1`] = `
<div
  className="css-view-175oi2r"
  data-style="896xuz-1q64x7k 1njbp1t-913h4q"
  dir={null}
>
  <div
    className="css-view-175oi2r"
    data-style="wj8veg-1hh0pc0 cktard-17xz9t9"
    dir={null}
  >
    <div
      className="css-view-175oi2r"
      data-style="896xuz-1q64x7k 1njbp1t-913h4q"
      dir={null}
    >
      <div
        className="css-view-175oi2r"
        data-style="wj8veg-1hh0pc0 cktard-17xz9t9"
        dir={null}
      >
        <div
          className="css-view-175oi2r"
          data-style="896xuz-1q64x7k wsylgv-nahaal"
          dir={null}
        >
          <div
            className="css-text-1rynq56"
            data-style="1milmwi-1k7pv9v 1milmwi-1j1xgf6 wsylgv-qc4xxi 1njbp1t-qc4xxi 1njbp1t-qc4xxi 1letdt0-1t1tjml"
            dir="auto"
          >
            BOX
          </div>
        </div>
      </div>
    </div>
  </div>
</div>
`;
